// Jest Snapshot v1, https://goo.gl/fbAQLP

exports[`renders correctly progress bar 1`] = `<View />`;
