// Jest Snapshot v1, https://goo.gl/fbAQLP

exports[`renders correctly across screens 1`] = `
<View
  style={
    Object {
      "alignItems": "center",
      "backgroundColor": "#167351",
      "flexDirection": "row",
      "height": 65,
      "marginTop": undefined,
      "paddingHorizontal": 20,
      "paddingVertical": 16,
      "width": "100%",
    }
  }
>
  <View
    style={
      Object {
        "flex": 0.2,
      }
    }
  />
  <View
    style={
      Object {
        "flex": 0.8,
      }
    }
  >
    <Text
      style={
        Array [
          Object {
            "color": "white",
            "fontSize": 16,
          },
          Object {
            "textAlign": "center",
          },
        ]
      }
    />
  </View>
  <View
    style={
      Array [
        Object {
          "flex": 0.2,
        },
        Object {
          "alignItems": "flex-end",
        },
      ]
    }
  />
</View>
`;
